Cena 01/12 preparada: 31.9s, fala integral.
Cena 02/12 preparada: 37.8s, fala integral.
Cena 03/12 preparada: 44.5s, fala integral.
Cena 04/12 preparada: 46.5s, fala integral.
Cena 06/12 preparada: 41.1s, fala integral.
Cena 05/12 preparada: 45.9s, fala integral.
Cena 08/12 preparada: 34.1s, fala integral.
Cena 07/12 preparada: 35.9s, fala integral.
Cena 09/12 preparada: 35.3s, fala integral.
Cena 10/12 preparada: 43.7s, fala integral.
Cena 11/12 preparada: 48.0s, fala integral.
Cena 12/12 preparada: 45.8s, fala integral.
Preparação: 490.5 segundos.
Menu sincronizado: Menu e seleção do índice (0.0–14.6s)
Menu sincronizado: CREATE · lista invertida selecionada (14.6–19.6s)
Menu sincronizado: READ · busca pelo hash (19.6–23.3s)
Menu sincronizado: LISTAS · ano 2022 E característica gas (23.3–28.6s)
Menu sincronizado: UPDATE · árvore B+ e novo endereço (28.6–34.6s)
Menu sincronizado: DELETE · lista invertida e confirmação (34.6–38.6s)
Menu sincronizado: Auditoria de dados e todos os índices (38.6–46.8s)
Menu sincronizado: Encerramento normal (46.8–48.0s)
VERIFICAÇÃO DO VÍDEO FINAL — 26/09/2026
Duração: 490.50 segundos (08:10.500); limite de 600 segundos atendido.
Resolução: 1920 × 1080; 10 fps; vídeo H.264; áudio AAC mono a 48 kHz.
12 gravações próprias incorporadas integralmente e na ordem, com 12 capítulos.
Sem voz sintetizada; sem cortes na fala; velocidade original preservada.
Volume normalizado por gravação: alvo -18 LUFS, teto -1,5 dBTP.
Menu sincronizado por etapas com a fala 11; saída real preservada em menu_eventos.json.
Decodificação integral de vídeo e áudio: APROVADA (FFmpeg, -xerror; código 0).
Stream #0:0[0x1](und): Video: h264 (High) (avc1 / 0x31637661), yuv420p(progressive), 1920x1080, 50 kb/s, 10 fps, 10 tbr, 10240 tbn (default)
Stream #0:1[0x2](por): Audio: aac (LC) (mp4a / 0x6134706D), 48000 Hz, mono, fltp, 164 kb/s (default)
Stream #0:2[0x3](eng): Data: bin_data (text / 0x74786574), 0 kb/s
mean_volume: -18.2 dB
max_volume: -1.4 dB
Tamanho: 13381561 bytes
SHA256: b65583e428762a25bdd9dacfbe3924ffe502eed591871abcd02b377bb01f991a
